[02:05:54] [ServerMain/INFO]: Environment: Environment[sessionHost=https://sessionserver.mojang.com, servicesHost=https://api.minecraftservices.com, name=PROD]
[02:05:56] [ServerMain/INFO]: Loaded 1407 recipes
[02:05:56] [ServerMain/INFO]: Loaded 1520 advancements
[02:05:56] [Server thread/INFO]: Starting minecraft server version 1.21.8
[02:05:56] [Server thread/INFO]: Loading properties
[02:05:56] [Server thread/INFO]: Default game type: SURVIVAL
[02:05:56] [Server thread/INFO]: Generating keypair
[02:05:56] [Server thread/INFO]: Starting Minecraft server on *:25565
[02:05:56] [Server thread/INFO]: Using default channel type
[02:05:56] [Server thread/WARN]: **** SERVER IS RUNNING IN OFFLINE/INSECURE MODE!
[02:05:56] [Server thread/WARN]: The server will make no attempt to authenticate usernames. Beware.
[02:05:56] [Server thread/WARN]: While this makes the game possible to play without internet access, it also opens up the ability for hackers to connect with any username they choose.
[02:05:56] [Server thread/WARN]: To change this, set "online-mode" to "true" in the server.properties file.
[02:05:56] [Server thread/INFO]: Preparing level "world"
[02:05:56] [Server thread/INFO]: Preparing start region for dimension minecraft:overworld
[02:05:57] [Worker-Main-10/INFO]: Preparing spawn area: 0%
[02:05:57] [Worker-Main-10/INFO]: Preparing spawn area: 0%
[02:05:57] [Server thread/INFO]: Time elapsed: 677 ms
[02:05:57] [Server thread/INFO]: Done (1.052s)! For help, type "help"
[02:05:58] [Server thread/INFO]: Cauan_XX[/172.26.220.34:50364] logged in with entity id 19 at (-441.5, 140.0, 63.5)
[02:05:58] [Server thread/INFO]: Cauan_XX joined the game
[02:06:05] [Server thread/INFO]: adriannoia[/172.26.26.105:56014] logged in with entity id 116 at (-430.5, 137.0, 55.5)
[02:06:06] [Server thread/INFO]: adriannoia joined the game
[02:06:47] [Server thread/INFO]: rodrigo_mdm[/172.26.165.214:60765] logged in with entity id 217 at (-422.5, 143.0, 57.5)
[02:06:47] [Server thread/INFO]: rodrigo_mdm joined the game
[02:07:19] [Server thread/WARN]: Mismatch in destroy block pos: jb{x=0, y=0, z=0} jb{x=-438, y=136, z=65}
[02:07:23] [Server thread/WARN]: Mismatch in destroy block pos: jb{x=0, y=0, z=0} jb{x=-438, y=136, z=65}
[02:07:28] [Server thread/WARN]: Mismatch in destroy block pos: jb{x=0, y=0, z=0} jb{x=-439, y=137, z=63}
[02:07:29] [Server thread/WARN]: Mismatch in destroy block pos: jb{x=0, y=0, z=0} jb{x=-439, y=136, z=63}
[02:07:32] [Server thread/WARN]: Mismatch in destroy block pos: jb{x=0, y=0, z=0} jb{x=-439, y=137, z=63}
[02:08:00] [Server thread/WARN]: Mismatch in destroy block pos: jb{x=0, y=0, z=0} jb{x=-423, y=144, z=71}
[02:08:00] [Server thread/WARN]: Mismatch in destroy block pos: jb{x=0, y=0, z=0} jb{x=-422, y=145, z=72}
[02:08:01] [Server thread/WARN]: Mismatch in destroy block pos: jb{x=0, y=0, z=0} jb{x=-423, y=145, z=73}
[02:08:01] [Server thread/WARN]: Mismatch in destroy block pos: jb{x=0, y=0, z=0} jb{x=-423, y=145, z=73}
[02:08:01] [Server thread/WARN]: Mismatch in destroy block pos: jb{x=0, y=0, z=0} jb{x=-423, y=145, z=73}
[02:08:10] [Server thread/WARN]: Mismatch in destroy block pos: jb{x=0, y=0, z=0} jb{x=-430, y=136, z=57}
[02:08:15] [Server thread/WARN]: Mismatch in destroy block pos: jb{x=0, y=0, z=0} jb{x=-434, y=136, z=50}
[02:08:15] [Server thread/WARN]: Mismatch in destroy block pos: jb{x=0, y=0, z=0} jb{x=-433, y=136, z=51}
[02:08:25] [Server thread/INFO]: EXEKUTRR[/172.26.142.135:58715] logged in with entity id 380 at (-778.7546945648136, 101.0, -19.345622156725383)
[02:08:25] [Server thread/INFO]: EXEKUTRR joined the game
[02:08:26] [Server thread/INFO]: EXEKUTRR has reached the goal [Beaconator]
[02:08:26] [Server thread/INFO]: EXEKUTRR has made the advancement [Bring Home the Beacon]
[02:08:37] [Server thread/WARN]: Mismatch in destroy block pos: jb{x=0, y=0, z=0} jb{x=-439, y=136, z=63}
[02:08:38] [Server thread/WARN]: Mismatch in destroy block pos: jb{x=0, y=0, z=0} jb{x=-438, y=136, z=52}
[02:08:38] [Server thread/WARN]: Mismatch in destroy block pos: jb{x=0, y=0, z=0} jb{x=-438, y=137, z=52}
[02:08:55] [Server thread/INFO]: adriannoia fell from a high place
[02:09:28] [Server thread/WARN]: Mismatch in destroy block pos: jb{x=0, y=0, z=0} jb{x=-442, y=136, z=59}
[02:09:28] [Server thread/WARN]: Mismatch in destroy block pos: jb{x=0, y=0, z=0} jb{x=-442, y=135, z=59}
[02:09:38] [Server thread/WARN]: Mismatch in destroy block pos: jb{x=0, y=0, z=0} jb{x=-429, y=138, z=62}
[02:09:42] [Server thread/WARN]: Mismatch in destroy block pos: jb{x=0, y=0, z=0} jb{x=-428, y=138, z=50}
[02:09:42] [Server thread/WARN]: Mismatch in destroy block pos: jb{x=0, y=0, z=0} jb{x=-429, y=138, z=49}
[02:10:01] [Server thread/WARN]: Mismatch in destroy block pos: jb{x=0, y=0, z=0} jb{x=-427, y=141, z=60}
[02:10:08] [Server thread/WARN]: Mismatch in destroy block pos: jb{x=0, y=0, z=0} jb{x=-429, y=139, z=52}
[02:10:08] [Server thread/WARN]: Mismatch in destroy block pos: jb{x=0, y=0, z=0} jb{x=-429, y=140, z=52}
[02:10:13] [Server thread/WARN]: Mismatch in destroy block pos: jb{x=0, y=0, z=0} jb{x=-430, y=138, z=49}
[02:10:13] [Server thread/WARN]: Mismatch in destroy block pos: jb{x=0, y=0, z=0} jb{x=-429, y=138, z=49}
[02:10:15] [Server thread/INFO]: EXEKUTRR lost connection: Disconnected
[02:10:15] [Server thread/INFO]: EXEKUTRR left the game
[02:10:17] [Server thread/INFO]: rodrigo_mdm lost connection: Disconnected
[02:10:17] [Server thread/INFO]: rodrigo_mdm left the game
[02:10:17] [Server thread/INFO]: adriannoia lost connection: Disconnected
[02:10:17] [Server thread/INFO]: adriannoia left the game
[02:10:21] [Server thread/INFO]: Cauan_XX lost connection: Disconnected
[02:10:21] [Server thread/INFO]: Cauan_XX left the game
[02:10:33] [Server thread/INFO]: Stopping the server
[02:10:33] [Server thread/INFO]: Stopping server
[02:10:33] [Server thread/INFO]: Saving players
[02:10:33] [Server thread/INFO]: Saving worlds
[02:10:33] [Server thread/INFO]: Saving chunks for level 'ServerLevel[SACUDOS 2.0]'/minecraft:overworld
[02:10:34] [Server thread/INFO]: Saving chunks for level 'ServerLevel[SACUDOS 2.0]'/minecraft:the_end
[02:10:35] [Server thread/INFO]: Saving chunks for level 'ServerLevel[SACUDOS 2.0]'/minecraft:the_nether
[02:10:35] [Server thread/INFO]: ThreadedAnvilChunkStorage (world): All chunks are saved
[02:10:35] [Server thread/INFO]: ThreadedAnvilChunkStorage (DIM1): All chunks are saved
[02:10:35] [Server thread/INFO]: ThreadedAnvilChunkStorage (DIM-1): All chunks are saved
[02:10:35] [Server thread/INFO]: ThreadedAnvilChunkStorage: All dimensions are saved
