[11:22:10] [ServerMain/INFO]: Environment: Environment[sessionHost=https://sessionserver.mojang.com, servicesHost=https://api.minecraftservices.com, name=PROD]
[11:22:11] [ServerMain/INFO]: Loaded 1407 recipes
[11:22:11] [ServerMain/INFO]: Loaded 1520 advancements
[11:22:11] [Server thread/INFO]: Starting minecraft server version 1.21.8
[11:22:11] [Server thread/INFO]: Loading properties
[11:22:11] [Server thread/INFO]: Default game type: SURVIVAL
[11:22:11] [Server thread/INFO]: Generating keypair
[11:22:11] [Server thread/INFO]: Starting Minecraft server on *:25565
[11:22:11] [Server thread/INFO]: Using default channel type
[11:22:11] [Server thread/WARN]: **** SERVER IS RUNNING IN OFFLINE/INSECURE MODE!
[11:22:11] [Server thread/WARN]: The server will make no attempt to authenticate usernames. Beware.
[11:22:11] [Server thread/WARN]: While this makes the game possible to play without internet access, it also opens up the ability for hackers to connect with any username they choose.
[11:22:11] [Server thread/WARN]: To change this, set "online-mode" to "true" in the server.properties file.
[11:22:11] [Server thread/INFO]: Preparing level "world"
[11:22:12] [Server thread/INFO]: Preparing start region for dimension minecraft:overworld
[11:22:12] [Worker-Main-3/INFO]: Preparing spawn area: 0%
[11:22:12] [Worker-Main-3/INFO]: Preparing spawn area: 0%
[11:22:13] [Worker-Main-3/INFO]: Preparing spawn area: 77%
[11:22:13] [Worker-Main-12/INFO]: Preparing spawn area: 77%
[11:22:14] [Server thread/INFO]: Time elapsed: 1967 ms
[11:22:14] [Server thread/INFO]: Done (2.152s)! For help, type "help"
[11:22:43] [Server thread/INFO]: EXEKUTRR[/192.168.1.11:64776] logged in with entity id 27 at (-6.5, 69.0, 4.5)
[11:22:43] [Server thread/INFO]: EXEKUTRR joined the game
[11:23:31] [Server thread/INFO]: GETEF[/172.26.249.224:49914] logged in with entity id 604 at (-1.5, 68.0, -7.5)
[11:23:31] [Server thread/INFO]: GETEF joined the game
[11:24:38] [Server thread/INFO]: GETEF lost connection: Disconnected
[11:24:38] [Server thread/INFO]: GETEF left the game
[11:24:40] [Server thread/INFO]: EXEKUTRR lost connection: Disconnected
[11:24:40] [Server thread/INFO]: EXEKUTRR left the game
[11:24:52] [Server thread/INFO]: Stopping the server
[11:24:52] [Server thread/INFO]: Stopping server
[11:24:52] [Server thread/INFO]: Saving players
[11:24:52] [Server thread/INFO]: Saving worlds
[11:24:52] [Server thread/INFO]: Saving chunks for level 'ServerLevel[world]'/minecraft:overworld
[11:25:17] [Server thread/INFO]: Saving chunks for level 'ServerLevel[world]'/minecraft:the_end
[11:25:17] [Server thread/INFO]: Saving chunks for level 'ServerLevel[world]'/minecraft:the_nether
[11:25:17] [Server thread/INFO]: ThreadedAnvilChunkStorage (world): All chunks are saved
[11:25:17] [Server thread/INFO]: ThreadedAnvilChunkStorage (DIM1): All chunks are saved
[11:25:17] [Server thread/INFO]: ThreadedAnvilChunkStorage (DIM-1): All chunks are saved
[11:25:17] [Server thread/INFO]: ThreadedAnvilChunkStorage: All dimensions are saved
